
@test/button:
 Tag Name │ Class │ Module │ Summary
───────────────┼────────────┼───────────────┼─────────────
 <test-button> │ TestButton │ src/button.js │ Test button

@test/card:
 Tag Name │ Class │ Module │ Summary
─────────────┼──────────┼─────────────┼───────────
 <test-card> │ TestCard │ src/card.js │ Test card
